sw vlan1 172.16.9.14 admin password 12345678aA@

sw 10g 172.16.9.100 admin !3CGh4yJj6VSw9A

remote ceph 172.16.9.134  https://10.10.88.134:8443 root 123456ok1

10.10.66.131:8006 > Test Network Proxmox

10.10.66.181:8006 > Test Network Proxmox

Máy remote 172.16.9.141  để vào xem ceph134 administrator pass 123456ok1A ( tạo trên proxmox 131 )

Test 1 số case:

- Proxmox master trong cụm tự động được bầu chọn lại tự động khi node master mất kết nối

- Cụm proxmox181 đang set thời gian corosync đánh giá node die để kích hoạt HA VM là 300000 miligiay =  5 phút >> test tắt 1 node và đợi 5 phút xem HV tranfer

- Test HA VM tự chuyển cụm khi 1 node proxmox mất kết nối

  <img src="proxmoxcephnexus3064images/Screenshot_20.png">
  <img src="proxmoxcephnexus3064images/Screenshot_21.png">

- Test đọc ghi độ trễ máy ảo

https://hocvps.com/kiem-tra-hieu-suat-o-cung-voi-fio-va-ioping/

- Test hieu suat Ceph

- Test 1 số case liên quan HA

Test tham số khởi động của VM khi HA , các tham số Maxrestart = 1 chỉ khởi động 1 lần > VM chuyển về node dự phòng, Maxrestart = 2 - chỉ khởi động 2 lần - VM sẽ chuyển đi 2 lần ( có thể quay về node ban đầu nếu node ban đầu khôi phục - trường hợp có nhiều node dự phòng - tùy cấu hình node, cụm cụ thể ...)

  <img src="proxmoxcephnexus3064images/Screenshot_23.png">

  <img src="proxmoxcephnexus3064images/Screenshot_22.png">

```Bash

Câu lệnh có thể làm cron auto HA VM (xem status VM 103 104 )

root@proxmox131:~# ha-manager  status
quorum OK
master proxmox132 (active, Wed Apr  2 11:49:05 2025)
lrm proxmox131 (active, Wed Apr  2 11:49:09 2025)
lrm proxmox132 (active, Wed Apr  2 11:49:08 2025)
lrm proxmox133 (idle, Wed Apr  2 11:49:12 2025)

service vm:103 (proxmox131, started)
service vm:104 (proxmox132, started)


root@proxmox183:~# qm start 100
Requesting HA start for VM 100
service 'vm:100' in error state, must be disabled and fixed first
command 'ha-manager set vm:100 --state started' failed: exit code 255
root@proxmox183:~# ha-manager set vm:100 --state stoped
400 Parameter verification failed.
state: value 'stoped' does not have a value in the enumeration 'started, stopped, enabled, disabled, ignored'
ha-manager set <sid> [OPTIONS]
root@proxmox183:~# ha-manager set vm:100 --state stopped
service 'vm:100' in error state, must be disabled and fixed first
root@proxmox183:~# ha-manager set vm:100 --state disabled
root@proxmox183:~# qm start 100
Requesting HA start for VM 100
root@proxmox183:~#
```